
> -frontend@0.0.1 build
> quasar build


 .d88888b.
d88P" "Y88b
888     888
888     888 888  888  8888b.  .d8888b   8888b.  888d888
888     888 888  888     "88b 88K          "88b 888P"
888 Y8b 888 888  888 .d888888 "Y8888b. .d888888 888
Y88b.Y8b88P Y88b 888 888  888      X88 888  888 888
 "Y888888"   "Y88888 "Y888888  88888P' "Y888888 888
       Y8b


 Build mode............. spa
 Pkg quasar............. v2.19.3
 Pkg @quasar/app-vite... v2.6.0
 Pkg vite............... v8.0.9
 Debugging.............. no
 Publishing............. no

 App • Using quasar.config.ts in "ts" format
 App •  WAIT  • Compiling of SPA UI with Vite in progress...
✗ Build failed in 497ms
Build failed with 1 error:

[plugin vite:vue] /Users/wernerhofmann/Projekte/HuhnLite/frontend/src/components/TierbewegungenGrid.vue:89:3
RolldownError: Invalid end tag.
SyntaxError: Invalid end tag.
    at createCompilerError (/Users/wernerhofmann/Projekte/HuhnLite/frontend/node_modules/@vue/compiler-core/dist/compiler-core.cjs.prod.js:1374:17)
    at emitError (/Users/wernerhofmann/Projekte/HuhnLite/frontend/node_modules/@vue/compiler-core/dist/compiler-core.cjs.prod.js:2980:5)
    at Object.onclosetag (/Users/wernerhofmann/Projekte/HuhnLite/frontend/node_modules/@vue/compiler-core/dist/compiler-core.cjs.prod.js:2387:9)
    at Tokenizer.stateInClosingTagName (/Users/wernerhofmann/Projekte/HuhnLite/frontend/node_modules/@vue/compiler-core/dist/compiler-core.cjs.prod.js:799:16)
    at Tokenizer.parse (/Users/wernerhofmann/Projekte/HuhnLite/frontend/node_modules/@vue/compiler-core/dist/compiler-core.cjs.prod.js:1157:16)
    at Object.baseParse (/Users/wernerhofmann/Projekte/HuhnLite/frontend/node_modules/@vue/compiler-core/dist/compiler-core.cjs.prod.js:3012:13)
    at Object.parse (/Users/wernerhofmann/Projekte/HuhnLite/frontend/node_modules/@vue/compiler-dom/dist/compiler-dom.cjs.prod.js:665:23)
    at Object.parse$1 [as parse] (/Users/wernerhofmann/Projekte/HuhnLite/frontend/node_modules/@vue/compiler-sfc/dist/compiler-sfc.cjs.js:1824:24)
    at createDescriptor (file:///Users/wernerhofmann/Projekte/HuhnLite/frontend/node_modules/@vitejs/plugin-vue/dist/index.mjs:50:42)
    at transformMain (file:///Users/wernerhofmann/Projekte/HuhnLite/frontend/node_modules/@vitejs/plugin-vue/dist/index.mjs:1303:33)
    at aggregateBindingErrorsIntoJsError (file:///Users/wernerhofmann/Projekte/HuhnLite/frontend/node_modules/rolldown/dist/shared/error-DAA7ncC5.mjs:48:18)
    at unwrapBindingResult (file:///Users/wernerhofmann/Projekte/HuhnLite/frontend/node_modules/rolldown/dist/shared/error-DAA7ncC5.mjs:18:128)
    at #build (file:///Users/wernerhofmann/Projekte/HuhnLite/frontend/node_modules/rolldown/dist/shared/rolldown-build-BPKCFYpX.mjs:3317:34)
    at async buildEnvironment (file:///Users/wernerhofmann/Projekte/HuhnLite/frontend/node_modules/vite/dist/node/chunks/node.js:32999:64)
    at async Object.build (file:///Users/wernerhofmann/Projekte/HuhnLite/frontend/node_modules/vite/dist/node/chunks/node.js:33421:19)
    at async QuasarModeBuilder.buildWithVite (file:///Users/wernerhofmann/Projekte/HuhnLite/frontend/node_modules/@quasar/app-vite/lib/app-tool.js:30:5)
    at async QuasarModeBuilder.build (file:///Users/wernerhofmann/Projekte/HuhnLite/frontend/node_modules/@quasar/app-vite/lib/modes/spa/spa-builder.js:7:5) {
  errors: [Getter/Setter]
}

 App • ⚠️   FAIL  App build failed (check the log above)

